[    0.000000] Iniialzing cgroup subsys cpuset
[    00000] Intiizing cgrou susys pu
[    0.000000] Initliing cro sbsys cpuacct
[  0000000] Linux veio 4.4.0-127-geeric (buildd@lcy01-md64-023) (gcc version 5.4.0 20160609 (Ubuntu 5.4.0-6ubuntu1~16.04.9) ) #153-Ubuntu SMP Sat May 1910:58:46 UTC 2018 (Ubuntu .4-127.153eneric 4.4.128)
[    0.000000] Command line: BOOT_MAGE=/boot/vmliz-.4.0-127-generic root=UUI=d7006b2f-ace6-464d-8b21-17180ed360 ro console=tty1 console=ttyS0
[    0.000000] KERNEL supported cpus:
[    0.000000]   Intel GenuineIntel
[    0.000000]   AMD AuthenticAMD
[    0.000]  enaur CentaurHauls
[    0.000000] x86/fpu: xstate_offset[2]:  576, xste_izes[2: 56
[    0.000000] x86/fpu: Supporting XSAVE feature 01: 'x87 floating point registers'
[    0.000000] x86/fpu: Supporting XSAVE feature 0x02: 'SE giste'[    0.0000] 86/f: pportingXSVE feature 0x04: 'AVX registers'
[    0.000000] x86/fpu: Eabd state feates0x7, context size is 832 bytes, using 'standard' format.
[    0.000000] x86/f: Using 'lazy' FP contex swtches.
[    0.000000] e0: BIOS-proidd hysical RM map:
[    0.000000] BIOS-e820: [mem 0x00000000000000-0x000000000009fbff] usable
[    0.000000] BIOS-e820: [mem 0x000000000009fc00-0x0000000009ffff reseve
[    0.000000] BIOS-e820: [mem 0x00000000000f0000-0x00000000000fffff] reserved
[    0.000000] BIOS-e820: [mem 0x000000000100000-0x000000003ffeffff] usable
[    0.000000] BIOS-e820: [mem 0x000000003fff0000-0x000000003fffffff] ACPI data
[    0.000000] BIOS-e820: [mem 0x0000000fec00000-0x00000000fec00fff] reserved
[    0.000000] BIOS-e820: [mem 0x00000000fee00000-0x00000000fee00fff] reserved
[    0.000000] BIOS-e820: [mem 0x00000000fffc0000-0x00000000ffffffff] reserved
[    0.000000] NX (Execute Disable) protection: active
[    0.000000] SMBIOS 2.5 present.
[    0.000000] Hypervisor detected: KVM
[    0.000000] e820: last_pfn = 0x3fff0 max_arch_pfn = 0x40000000
[    0.000000] MTRR: Disabled
[    0.000000] x86/PAT: MTRRs disabled, skipping PAT initialization too.
[    0000000] CPU MTRRs all blank - virtuaze sysem.
[    0.00000] x86/PAT: Configuration [0-7]: WB  WT  UC- UC  WB  WT  UC UC  
[    0.000000found SMP MP-tabl at [mem 0x0009fff0-0x0009ffff] mapped at [ffff88000009fff0]
[    0.000000] Scanning 1 areas for low memory corruption
[    0.000000] RAMDISK: [mem 0x36206000-0x37fafff]
[    0.000000] ACPI: Early table checksum verificationisabled
[    0.000000] ACPI: RSDP 0x00000000000E0000 000024 (v02 VBOX  )
[    0.000000] ACPI: XSDT 0x000000003FFF0030 00003C (v01 VBOX   VBOXXSDT 00000001 ASL  00000061)
[    0.000000]ACPIFAP 0x000000003FFF0F0000F4 (v04BOX   VOXFACP000001 ASL 000061)
[    0.000000] API: DSDT 0x000000003FFF0470 0021FF (v02 VBOX   VBOXBIOS 00000002 INTL 20100528)
[    0.000000] ACPI: FACS 0x00000000FF0200 000040
[    0.000000]AC: FCS 00000003FFF020 0040
[    0.000] ACPI: AIC 0x000000003FFF0240 00005C (v02 VBOX   VBOXAPIC 000001 AS  0006)[    0.000000] ACPI: SSDT 0x000000003FFF02A0 0001CC (v01 VBOX   VBOXCPUT 0000002NTL  20100528)
[    0.000000] No NUMA configuration found
[    0.000000 Faking a ode at [mem 0x0000000000000000-0x000000003ffeffff]
[    0.000000] NODE_DATA(0) allocated [mem 0x3ffeb000-0x3ffeffff]
[    0.000000] kvm-clock: Using msrs 4b564d01 and 4b564d00
[    0.000000] kvm-clock: cpu 0, msr 0:3ffe3001, primary cpu clock
[    .000000] vm-clock: using sched offset of 4922121039 cycles
[    0.000000] clocksoue:kvm-cloc msk: 0xffffffffffffffmax_cycles: 0xcd2edffb, x_le_ns: 881590591483 ns
[    0.000000] Zone ranges:

[  0000000]   DM    [mem0x0000000000001000-0x000000000ffffff]
[    0.000000]   DMA32    [mem 0x0000000001000000-0x000000003ffeffff]
[  0.00000]   Normal   empty
[    0.000]   Device   empty
[    0.000000] Movable zone start for each node
[    0.000000] rl memornoe ranges
[    0.000000]   node   0: [mem 0x00000000010-0x000000009ef]
[    0.000000]   node   0: [mem 0x0000000100000-x0000003ffeffff]
[    0.000000] nimem setup node 0 [mem 0x0000000000001000-0x000000003ffeffff]
[    0.000000] ACPI: PM-Timer IO Port: 0x4008
[   0.000000] IOAPIC[0]:apc_id 2, version 32, address 0xfec00000, GSI 0-23
[    0.000000] ACPI: INT_SRC_OVR (bus 0 bus_irq 0 global_irq 2 fl dfl)
[    0.000000] ACPI: INT_SRC_OVR (bus 0 bus_irq 9 global_irq 9 low level)
[    0.000000] Uing ACPI (MADT) for SMP configuration information
[    0.000000] smpboot: Allowing 2 CPUs, 0 hotplug CPUs
[    0.000000] PM: Registered nosave memory: [mem 0x00000000-0x00000fff]
[    00000] PM Riserred nosave memory: [mem 0x0009f000-0x0009ffff]
[    0.000000] PM: Registered nosave memory:[mem 0x000a0000-0x00effff]
[  00000] M: Rgiteed noav mory: [mem 0x000f0000-0x000fffff]
[    0.000000] e820: [mem 0x40000000-0xfebfffff] available for PCI devices
[    .0000] ooting paravirtualized kernel on KVM
[    0.000000]clocksource rfined-jiffies: mask: 0xffffffff max_cycles: 0xffffff, max_idle_ns: 7645519600211568 ns
[    0.000000] setup_percpu: NR_CPUS:512 nr_cpumask_bits:512 nr_cpu_ids:2 nr_nodeids:1
[    0.000000] ERPU Embdd 34 pages/cpu @ffff88003fc00000 s99544 r8192 d31528 u1048576
[    0.000000] PV qspinlock hash tabe entries: 256 (oder:0, 4096 bytes)
[   0.000000]Bult 1 zonelists  Node orde, bility grouping on.  Total pages: 257912
[    0.000000] Policy zone: DMA32
[    0.000000] Kernel command line: BOOT_IMAGE=/boot/vmlinuz-4.4.0-127-generic root=UU=d7006b2f-ace6-464d-8b21-17180b3ed360 ro console=tty1 console=ttyS0
[    0.000000] PID hash table entries: 409 (orer: 3, 32768 bytes)
[    0.000000] Memory:97204K/1048120K available (8537K kernel coe, 1313K rwdata, 4000K rodata, 1512K init, 1316K bss, 50916K reserved, 0K cma-reserved)
[    0.000000] SLUB: HWalign=64, Order=0-3, MinObjects=0, CPUs=2, Nodes=1
[    0.000000]Kernel/User page tables isolation: enabled
[    0.000000] Hierarchical RCU implementation.
[   0.000000] 	Build-time adjustment of leaf fanout to 64.
[    0.000000] 	RCU restricting CPUs from NR_CPUS=512 to nr_cpu_ids=2.
[    0.000000] RCU: Adjusting geometry for rcufanout_leaf=64, nr_cpu_ids=2
[    0.000000] NR_IRQS:33024 nr_irqs:440 16
[    000000]Console: colour VGA+ 80x25
[    0.000000] console [tty1] enabled
[    0.000000] console [ttyS0]naled[    0.00000] tsc: Detected 2711.998 MHz processor
[    5.523331] Calibrating delay loop (skipped) preset value.. 5423.99 BogoMIPS (lpj=10847992)
[    5.558031] pid_max: default: 32768 minimum: 301
[    5.582809] ACPI: Core revision 20150930
[    5.597686] ACPI: 2 ACPI AML tables successfully acquired and loaded
[    5.616554] Security Framework initialized
[    5.650550] Yama: becoming mindful.
[    5.674912] AppArmor: AppArmor initialized
[    5.689260] Dentry cache hash table entries: 131072 (order: 8, 1048576 bytes)
[    5.726380] Inode-cache hash table entries: 65536 (order: 7, 524288 bytes)
[    5.763589] Mount-cache hash table entries: 2048 (order: 2, 16384 bytes)
[    5.790905] Mountpoint-cache hash table entries: 2048 (order: 2, 16384 bytes)
[    5.838232] Initializing cgroup subsys io
[    5.873931] Initializing cgroup subsys memory
[    5.901589] Initializing cgroup subsys devices
[    5.919921] Initializing cgroup subsys freezer
[    5.938227] Initializing cgroup subsys net_cls
[    5.969516] Initializing cgroup subsys perf_event
[    6.007432] Initializing cgroup subsys net_prio
[    6.037834] Initializing cgroup subsys hugetlb
[    6.067553] Initializing cgroup subsys pids
[    6.081419] CPU: Physical Processor ID: 0
[    6.102055] CPU: Processor Core ID: 0
[    6.154902] mce: CPU supports 0 MCE banks
[    6.158469] Last level iTLB entries: 4KB 64, 2MB 8, 4MB 8
[    6.165359] Last level dTLB entries: 4KB 64, 2MB 0, 4MB 0, 1GB 4
[    6.174581] Spectre V2 : Mitigation: Full generic retpoline
[    6.203535] Spectre V2 : Speculation control IBPB not-supported IBRS not-supported
[    6.228077] Spectre V2 : Filling RSB on context switch
[    6.257309] Speculative Store Bypass: Vulnerable
[    6.273588] Freeing SMP alternatives memory: 32K
[    6.313081] ftrace: allocating 32237 entries in 126 pages
[    6.410745] smpboot: APIC(0) Converting physical 0 to logical package 0
[    6.429148] smpboot: Max logical packages: 1
[    6.431078] x2apic enabled
[    6.432411] Switched APIC routing to physical x2apic.
[    6.435775] ..TIMER: vector=0x30 apic1=0 pin1=2 apic2=-1 pin2=-1
[    6.544532] smpboot: CPU0: Intel(R) Core(TM) i7-6820HQ CPU @ 2.70GHz (family: 0x6, model: 0x5e, stepping: 0x3)
[    6.586943] Performance Events: unsupported p6 CPU model 94 no PMU driver, software events only.
[    6.591469] KVM setup paravirtual spinlock
[    6.622977] x86: Booting SMP configuration:
[    6.624783] .... node  #0, CPUs:      #1
[    6.658145] kvm-clock: cpu 1, msr 0:3ffe3041, secondary cpu clock
[    6.691906] mce: CPU supports 0 MCE banks
[    6.706266] x86: Booted up 1 node, 2 CPUs
[    6.724761] smpboot: Total of 2 processors activated (10847.99 BogoMIPS)
[    6.765278] devtmpfs: initialized
[    6.776269] evm: security.selinux
[    6.792589] evm: security.SMACK64
[    6.811503] evm: security.SMACK64EXEC
[    6.837240] evm: security.SMACK64TRANSMUTE
[    6.893314] evm: security.SMACK64MMAP
[    6.909862] evm: security.ima
[    6.917018] evm: security.capability
[    6.939173] clocksource: jiffies: mask: 0xffffffff max_cycles: 0xffffffff, max_idle_ns: 7645041785100000 ns
[    6.964517] futex hash table entries: 512 (order: 3, 32768 bytes)
[    6.979335] pinctrl core: initialized pinctrl subsystem
[    6.999116] RTC time:  0:23:52, date: 06/08/18
[    7.037754] NET: Registered protocol family 16
[    7.064928] cpuidle: using governor ladder
[    7.105320] cpuidle: using governor menu
[    7.113063] PCCT header not found.
[    7.115722] ACPI: bus type PCI registered
[    7.127022] acpiphp: ACPI Hot Plug PCI Controller Driver version: 0.5
[    7.145317] PCI: Using configuration type 1 for base access
[    7.166089] ACPI: Added _OSI(Module Device)
[    7.178050] ACPI: Added _OSI(Processor Device)
[    7.180194] ACPI: Added _OSI(3.0 _SCP Extensions)
[    7.213594] ACPI: Added _OSI(Processor Aggregator Device)
[    7.235039] ACPI: Executed 1 blocks of module-level executable AML code
[    7.242694] ACPI: Interpreter enabled
[    7.271462] ACPI: (supports S0 S5)
[    7.284668] ACPI: Using IOAPIC for interrupt routing
[    7.331282] PCI: Using host bridge windows from ACPI; if necessary, use "pci=nocrs" and report a bug
[    7.380314] ACPI: PCI Root Bridge [PCI0] (domain 0000 [bus 00-ff])
[    7.407391] acpi PNP0A03:00: _OSC: OS supports [ASPM ClockPM Segments MSI]
[    7.441684] acpi PNP0A03:00: _OSC: not requesting OS control; OS requires [ExtendedConfig ASPM ClockPM MSI]
[    7.446262] acpi PNP0A03:00: fail to add MMCONFIG information, can't access extended PCI configuration space under this bridge.
[    7.479539] PCI host bridge to bus 0000:00
[    7.481463] pci_bus 0000:00: root bus resource [io  0x0000-0x0cf7 window]
[    7.511534] pci_bus 0000:00: root bus resource [io  0x0d00-0xffff window]
[    7.522049] pci_bus 0000:00: root bus resource [mem 0x000a0000-0x000bffff window]
[    7.531027] pci_bus 0000:00: root bus resource [mem 0x40000000-0xfdffffff window]
[    7.536447] pci_bus 0000:00: root bus resource [bus 00-ff]
[    7.562628] pci 0000:00:01.1: legacy IDE quirk: reg 0x10: [io  0x01f0-0x01f7]
[    7.565204] pci 0000:00:01.1: legacy IDE quirk: reg 0x14: [io  0x03f6]
[    7.579290] pci 0000:00:01.1: legacy IDE quirk: reg 0x18: [io  0x0170-0x0177]
[    7.588175] pci 0000:00:01.1: legacy IDE quirk: reg 0x1c: [io  0x0376]
[    7.631829] pci 0000:00:07.0: quirk: [io  0x4000-0x403f] claimed by PIIX4 ACPI
[    7.651249] pci 0000:00:07.0: quirk: [io  0x4100-0x410f] claimed by PIIX4 SMB
[    7.680798] ACPI: PCI Interrupt Link [LNKA] (IRQs 5 9 10 *11)
[    7.711578] ACPI: PCI Interrupt Link [LNKB] (IRQs 5 9 *10 11)
[    7.717829] ACPI: PCI Interrupt Link [LNKC] (IRQs 5 *9 10 11)
[    7.757223] ACPI: PCI Interrupt Link [LNKD] (IRQs 5 9 10 *11)
[    7.799371] ACPI: Enabled 2 GPEs in block 00 to 07
[    7.827578] vgaarb: setting as boot device: PCI:0000:00:02.0
[    7.830187] vgaarb: device added: PCI:0000:00:02.0,decodes=io+mem,owns=io+mem,locks=none
[    7.862172] vgaarb: loaded
[    7.863405] vgaarb: bridge control possible 0000:00:02.0
[    7.902132] SCSI subsystem initialized
[    7.909354] ACPI: bus type USB registered
[    7.928139] usbcore: registered new interface driver usbfs
[    7.930712] usbcore: registered new interface driver hub
[    7.947089] usbcore: registered new device driver usb
[    7.964220] PCI: Using ACPI for IRQ routing
[    7.971949] NetLabel: Initializing
[    7.995545] NetLabel:  domain hash size = 128
[    7.997598] NetLabel:  protocols = UNLABELED CIPSOv4
[    8.021352] NetLabel:  unlabeled traffic allowed by default
[    8.029722] amd_nb: Cannot enumerate AMD northbridges
[    8.041540] clocksource: Switched to clocksource kvm-clock
[   8.107293] AppArmor:Aprm Feste Ebl
  8.269] p: PnP ACPI init
[    7149 pp: PnP ACPI: found 3 devices

[    8.868488] clocksource: acpi_pm: mask: 0xffffff max_cycles: 0xffffff, max_idle_ns: 2085701024 ns
[    8.906111] NET: Registered protocol family 2
[    8.922638] TCP established hash table entries: 8192 (order: 4, 65536 bytes)
[    8.959934] TCP bind hash table entries: 8192 (order: 5, 131072 bytes)
[    9.027730] TCP: Hash tables configured (established 8192 bind 8192)
[    9.030390] UDP hash table entries: 512 (order: 2, 16384 bytes)
[    9.048896] UDP-Lite hash table entries: 512 (order: 2, 16384 bytes)
[    9.058313] NET: Registered protocol family 1
[    9.061359] pci 0000:00:00.0: Limiting direct PCI/PCI transfers
[    9.063803] pci 0000:00:01.0: Activating ISA DMA hang workarounds
[    9.103372] Unpacking initramfs...
[  9839] Freeing initrd memory: 15316K
[    9.543324] platform rtc_cmos: registereplfo RC device (no PNP dece found)
[    9.795121] Scanning for low memory crruption every 60 secons
[    9.884844] audit: initializing netlink subsys (disabled)
[    9.899467] audit: type=2000 audit(1528417435.313:1): initialized
[    9.906421] Initialise system trusted keyring
[    9.929513] HugeTLB registered 2 MB page size, pre-allocated 0 pages
[    9.9403]zbud loaded

[   10.060044] VFS: Disk quot dot6.6.0
[   10.203019] VFS: Dquot-cache hashtae nties: 512 (order 0, 4096 bytes)
[   10.339237] squashfs: version 4.0 (2009/01/31) Phillip Lougher

[ 104264fuse init (API version 7.23)
[   10.544371] tsc: Refined TSC clocksource calibration: 2712.000 MHz
[   10.57059] clocksource: tsc: mask: 0xffffffffffffffff max_cycles: 0x2717868ea45, max_idle_ns: 4407951685 ns
[[   1.5346] Key type big_key registed

[   10.547373] Allocating IMA MOK and blacklist keyrings.
[   10.631832] Key type asymmetric registered
[   10.631841] Asymmetric key parser 'x509' registered
[   10.631892] Block layer SCSI generic (bsg) driver version 0.4 loaded (major 249)
[   10.631919] io scheduler noop registered
[   10.631920] io scheduler deadline registered (default)
[   10.631949] io scheduler cfq registered
[   10.632049] pci_hotplug: PCI Hot Plug PCI Core version: 0.5
[   10.632054] pciehp: PCI Express Hot Plug Controller Driver version: 0.4
[   10.632436] ACPI: AC Adapter [AC] (off-line)
[   10.632507] input: Power Button as /devices/LNXSYSTM:00/LNXPWRBN:00/input/input0
[   10.632510] ACPI: Power Button [PWRF]
[   10.632598] input: Sleep Button as /devices/LNXSYSTM:00/LNXSLPBN:00/input/input1
[   10.632600] ACPI: Sleep Button [SLPF]
[   10.632877] GHES: HEST is not enabled!
[   10.632960] Serial: 8250/16550 driver, 32 ports, IRQ sharing enabled
[   10.794434] 00:02: ttyS0 at I/O 0x3f8 (irq = 4, base_baud = 115200) is a 16550A
[   10.797951] Linux agpgart interface v0.103
[   10.804430] loop: module loaded
[   10.805026] scsi host0: ata_piix
[   10.805084] scsi host1: ata_piix
[   10.805110] ata1: PATA max UDMA/33 cmd 0x1f0 ctl 0x3f6 bmdma 0xd000 irq 14
[   10.805111] ata2: PATA max UDMA/33 cmd 0x170 ctl 0x376 bmdma 0xd008 irq 15
[   10.805174] libphy: Fixed MDIO Bus: probed
[   10.805175] tun: Universal TUN/TAP device driver, 1.6
[   10.805176] tun: (C) 1999-2004 Max Krasnyansky <maxk@qualcomm.com>
[   10.805216] PPP generic driver version 2.4.2
[   10.805259] ehci_hcd: USB 2.0 'Enhanced' Host Controller (EHCI) Driver
[   10.805262] ehci-pci: EHCI PCI platform driver
[   10.805320] ehci-platform: EHCI generic platform driver
[   10.805328] ohci_hcd: USB 1.1 'Open' Host Controller (OHCI) Driver
[   10.805331] ohci-pci: OHCI PCI platform driver
[   10.805340] ohci-platform: OHCI generic platform driver
[   10.805348] uhci_hcd: USB Universal Host Controller Interface driver
[   10.805431] i8042: PNP: PS/2 Controller [PNP0303:PS2K,PNP0f03:PS2M] at 0x60,0x64 irq 1,12
[   10.807189] ACPI: Battery Slot [BAT0] (battery present)
[   10.808224] serio: i8042 KBD port at 0x60,0x64 irq 1
[   10.808230] serio: i8042 AUX port at 0x60,0x64 irq 12
[   10.808427] mousedev: PS/2 mouse device common for all mice
[   10.808774] rtc_cmos rtc_cmos: rtc core: registered rtc_cmos as rtc0
[   10.808831] rtc_cmos rtc_cmos: alarms up to one day, 114 bytes nvram
[   10.808837] i2c /dev entries driver
[   10.808892] device-mapper: uevent: version 1.0.3
[   10.808940] device-mapper: ioctl: 4.34.0-ioctl (2015-10-28) initialised: dm-devel@redhat.com
[   10.808956] ledtrig-cpu: registered to indicate activity on CPUs
[   10.809814] NET: Registered protocol family 10
[   10.809983] NET: Registered protocol family 17
[   10.809992] Key type dns_resolver registered
[   10.810216] registered taskstats version 1
[   10.810233] Loading compiled-in X.509 certificates
[   10.810911] Loaded X.509 cert 'Build time autogenerated kernel key: 9f6f572a3ee0cb468eb8db4aa61815bc74ef6adb'
[   10.810941] zswap: loaded using pool lzo/zbud
[   10.812995] Key type trusted registered
[   10.816382] Key type encrypted registered
[   10.816387] AppArmor: AppArmor sha1 policy hashing enabled
[   10.816390] ima: No TPM chip found, activating TPM-bypass!
[   10.816407] evm: HMAC attrs: 0x1
[   10.816808]   Magic number: 6:419:354
[   10.816814] input event0: hash matches
[   10.818278] rtc_cmos rtc_cmos: setting system clock to 2018-06-08 00:23:56 UTC (1528417436)
[   10.818384] BIOS EDD facility v0.16 2004-Jun-25, 0 devices found
[   10.818384] EDD information not available.
[   10.861900] input: AT Translated Set 2 keyboard as /devices/platform/i8042/serio0/input/input2
[   11.652457] Freeing unused kernel memory: 1512K
[   11.682559] Write protecting the kernel read-only data: 14336k
[   11.686053] Freeing unused kernel memory: 1692K
[   11.716703] Freeing unused kernel memory: 96K
Loading, please wait...
starting version[   11.735746] random: systemd-udevd: uninitialized urandom read (16 bytes read, 5 bits of entropy available)
 229
[   11.736383] random: udevadm: uninitialized urandom read (16 bytes read, 5 bits of entropy available)
[   11.736403] random: udevadm: uninitialized urandom read (16 bytes read, 5 bits of entropy available)
[   11.744196] random: udevadm: uninitialized urandom read (16 bytes read, 5 bits of entropy available)
[   11.744238] random: udevadm: uninitialized urandom read (16 bytes read, 5 bits of entropy available)
[   11.744365] random: udevadm: uninitialized urandom read (16 bytes read, 5 bits of entropy available)
[   11.744410] random: udevadm: uninitialized urandom read (16 bytes read, 5 bits of entropy available)
[   11.744453] random: udevadm: uninitialized urandom read (16 bytes read, 5 bits of entropy available)
[   11.744499] random: udevadm: uninitialized urandom read (16 bytes read, 5 bits of entropy available)
[   11.744541] random: udevadm: uninitialized urandom read (16 bytes read, 5 bits of entropy available)
[   12.128952] Fusion MPT base driver 3.04.20
[   12.151816] Copyright (c) 1999-2008 LSI Corporation
[   12.173249] e1000: Intel(R) PRO/1000 Network Driver - version 7.3.21-k8-NAPI
[   12.191991] e1000: Copyright (c) 1999-2006 Intel Corporation.
[   12.240395] AVX2 version of gcm_enc/dec engaged.
[   12.261003] AES CTR mode by8 optimization enabled
[   12.283752] Fusion MPT SPI Host driver 3.04.20
[   12.501454] input: ImExPS/2 Generic Explorer Mouse as /devices/platform/i8042/serio1/input/input4
[   12.707991] e1000 0000:00:03.0 eth0: (PCI:33MHz:32-bit) 02:14:68:3e:84:47
[   12.754430] e1000 0000:00:03.0 eth0: Intel(R) PRO/1000 Network Connection
[   12.789934] e1000 0000:00:03.0 enp0s3: renamed from eth0
[   12.807891] mptbase: ioc0: Initiating bringup
[   13.631655] ioc0: LSI53C1030 A0: Capabilities={Initiator}
[   14.660564] scsi host2: ioc0: LSI53C1030 A0, FwRev=00000000h, Ports=1, MaxQ=256, IRQ=20
[   15.272470] scsi 2:0:0:0: Direct-Access     VBOX     HARDDISK         1.0  PQ: 0 ANSI: 5
[   15.305315] scsi target2:0:0: Beginning Domain Validation
[   15.310805] scsi target2:0:0: Domain Validation skipping write tests
[   15.342220] scsi target2:0:0: Ending Domain Validation
[   15.353547] scsi target2:0:0: asynchronous
[   15.379378] scsi 2:0:1:0: Direct-Access     VBOX     HARDDISK         1.0  PQ: 0 ANSI: 5
[   15.408400] scsi target2:0:1: Beginning Domain Validation
[   15.426428] scsi target2:0:1: Domain Validation skipping write tests
[   15.438304] scsi target2:0:1: Ending Domain Validation
[   15.448251] scsi target2:0:1: asynchronous
[   15.465471] sd 2:0:0:0: [sda] 20971520 512-byte logical blocks: (10.7 GB/10.0 GiB)
[   15.469950] sd 2:0:0:0: Attached scsi generic sg0 type 0
[   15.478792] sd 2:0:0:0: [sda] Write Protect is off
[   15.482818] sd 2:0:0:0: [sda] Incomplete mode parameter data
[   15.486430] sd 2:0:0:0: [sda] Assuming drive cache: write through
[   15.489469] sd 2:0:1:0: Attached scsi generic sg1 type 0
[   15.492298] sd 2:0:1:0: [sdb] 20480 512-byte logical blocks: (10.5 MB/10.0 MiB)
[   15.499113]  sda: sda1
[   15.500711] sd 2:0:1:0: [sdb] Write Protect is off
[   15.501326] sd 2:0:0:0: [sda] Attached SCSI disk
[   15.509265] sd 2:0:1:0: [sdb] Incomplete mode parameter data
[   15.512628] sd 2:0:1:0: [sdb] Assuming drive cache: write through
[   15.520561] sd 2:0:1:0: [sdb] Attached SCSI disk
Begin: Loading e[   16.877524] md: linear personality registered for level -1
ssential drivers ... [   16.935190] md: multipath personality registered for level -4
[   16.997664] md: raid0 personality registered for level 0
[   17.010226] md: raid1 personality registered for level 1
[   17.097661] raid6: sse2x1   gen() 10048 MB/s
[   17.190014] raid6: sse2x1   xor()  7606 MB/s
[   17.277588] raid6: sse2x2   gen() 11164 MB/s
[   17.361650] raid6: sse2x2   xor()  8203 MB/s
[   17.433637] raid6: sse2x4   gen() 13289 MB/s
[   17.525856] raid6: sse2x4   xor()  9166 MB/s
[   17.617602] raid6: avx2x1   gen() 19888 MB/s
[   17.701580] raid6: avx2x2   gen() 19709 MB/s
[   17.769585] raid6: avx2x4   gen() 20456 MB/s
[   17.778757] raid6: using algorithm avx2x4 gen() 20456 MB/s
[   17.797341] raid6: using avx2x2 recovery algorithm
[   17.814797] xor: automatically using best checksumming function:
[   17.893560]    avx       : 17625.000 MB/sec
[   17.924107] async_tx: api initialized (async)
[   17.963705] md: raid6 personality registered for level 6
[   18.002787] md: raid5 personality registered for level 5
[   18.024552] md: raid4 personality registered for level 4
[   18.046917] md: raid10 personality registered for level 10
done.
Begin: Running /scripts/init-premount ... done.
Begin: Mounting root file syste[   18.117898] Btrfs loaded
m ... Begin: Running /scripts/local-top ... done.
Begin: Running /scripts/local-premount ... Scanning for Btrfs filesystems
done.
Warning: fsck no[   18.181089] EXT4-fs (sda1): mounted filesystem with ordered data mode. Opts: (null)
t present, so skipping root file system
done.
Begin: Running /scripts/local-bottom ... done.
Begin: Running /scripts/init-bottom ... done.
[   18.356129] systemd[1]: systemd 229 running in system mode. (+PAM +AUDIT +SELINUX +IMA +APPARMOR +SMACK +SYSVINIT +UTMP +LIBCRYPTSETUP +GCRYPT +GNUTLS +ACL +XZ -LZ4 +SECCOMP +BLKID +ELFUTILS +KMOD -IDN)
[   18.360366] systemd[1]: Detected virtualization oracle.
[   18.361605] systemd[1]: Detected archicte 6-. 
Welcome to [1mUbuntu 16.04.3 LTS[0m!

[  1.6071] systemd[1]: Set hostname to <ubuntu-xeal>.

[  9.1357syte[1 Set up autmot biraryExecutable leorts Fi Stem Automount Point.
[[0;32m  OK  [0m] Set up automount Arbitrary Executab...ats File System Automount Point.
[ 2091803] ystemd[1]: ListinonVM pol dmosoet

[[0;32m  OK  [0m] Listening on LVM2 poll daemon socket.
[   20.643377] systemd[1]: Reached target Ur d ouNa Lookups.
[[0;32m  OK  [0m] Reached target User and Group Name Lookups.
[   20.897564] systemd[1]: Started Forward Passrdequests to WallDirectory Watch.
[[0;32m  OK  [0m] Started Forward Password Requests to Wall Directory Watch.
[   21.065161] systemd[1]: Listening on Journal Socket.
[[0;32m  OK  [0m] Listening on Journal Socket.
[   21.070867] systemd[1]: Listening on JurnaAuitocket.

[[0;32m  OK  [0m] Listening on Journal Audit Socket.
[   21.226598] systemd[1]: Liteinonournal Socket (/dev/log).
[[0;32m  OK  [0m] Listening on Journal Socket (/dev/log).
[ 21.661875] systemd[1]: Listening on /dev/initctl Compatibility Named Pipe.
[[0;32m  OK  [0m] Listening on /dev/initctl Compatibility Named Pipe.
[   22599] systemd[1]: Reached target Swap.

[[0;32m  OK  [0m] Reached target Swap.
[   22.181989] systemd[1]: Started Trigger resolvconf update for networkd DNS.
[[0;32m  OK  [0m] Started Trigger resolvconf update for networkd DNS.
[ 2281654] systemd[1]: Listening on evice-mappr vet emn FIFOs.
[[0;32m  OK  [0m] Listening on Device-mapper event daemon FIFOs.
[   23.070997systemd[1]: Created slice User and Sssn Slice.

[[0;32m  OK  [0m] Created slice User and Session Slice.
[   23.197371] systemd[1]: Listening on LVM2 metadata daemon oct.
[[0;32m  OK  [0m] Listening on LVM2 metadata daemon socket.
[   23.300032] systemd[1]: Listening on Syslog Socket.
[[0;32m  OK  [0m] Listening on Syslog Socket.
[   23.305403] random: nonblocking pool is initialized
[   23.307799] systemd[1]: Listening on udev Kernel Socket.
[[0;32m  OK  [0m] Listening on udev Kernel Socket.
[   23.674427] systemd[1]: Reached target Encrypted Volumes.
[[0;32m  OK  [0m] Reached target Encrypted Volumes.
[   24.218292] systemd[1]: Created slice SteSlie. [[0;32m  OK  [0m] Created slice System Slice.
[   24.685941] systemd[1]: Starting Load Kernel Modules...
         Starting Load Kernel Modules...
[   24.716072] Loading iSCSI transport class v2.0-870.
[   24.738226] systemd[1]: Reached target Slices.
[[0;32m  OK  [[   24.758547] iscsi: registered transport (tcp)
0m] Reached target Slices.
[   24.796212] iscsi: registered transport (iser)
[   24.830334] systemd[1]: Starting Uncomplicated firewall...
         Starting Uncomplicated firewall...
[   24.905715] systemd[1]: Mounting Huge Pages File System...
         Mounting Huge Pages File System...
[   24.919315] systemd[1]: Starting Nameserver information manager...
         Starting Nameserver information manager...
[   24.939536] systemd[1]: Starting Journal Service...
         Starting Journal Service...
[   24.980919] systemd[1]: Created slice system-serial\x2dgetty.slice.
[[0;32m  OK  [0m] Created slice system-serial\x2dgetty.slice.
[   25.038085] systemd[1]: Starting Set console keymap...
         Starting Set console keymap...
[   25.073690] systemd[1]: Starting Remount Root and Kernel File Systems...
         [   25.096180] EXT4-fs (sda1): re-mounted. Opts: (null)
Starting Remount Root and Kernel File Systems...
[   25.166590] systemd[1]: Mounting Debug File System...
         Mounting Debug File System...
[   25.202896] systemd[1]: Mounting POSIX Message Queue File System...
         Mounting POSIX Message Queue File System...
[   25.273831] systemd[1]: Starting Monitoring of LVM2 mirrors, snapshots etc. using dmeventd or progress polling...
         Starting Monitoring of LVM2 mirrors... dmeventd or progress polling...
[   25.345800] systemd[1]: Listening on udev Control Socket.
[[0;32m  OK  [0m] Listening on udev Control Socket.
[   25.374270] systemd[1]: Starting Create list of required static device nodes for the current kernel...
         Starting Create list of required st... nodes for the current kernel...
[   25.642796] systemd[1]: Mounted Deb File System.

[[0;32m  OK  [0m] Mounted Debug File System.
[   25.718435] systemd[1]: Mounted Huge Pages File System.
[[0;32m  OK  [0m] Mounted Huge Pages File System.
[   25.744076] systemd[1]: Mounted POSIX Message Queue File System.
[[0;32m  OK  [0m] Mounted POSIX Message Queue File System.
[   25.807031] systemd[1]: StartedJornl Service.
[[0;32m  OK  [0m] Started Journal Service.
[[0;32m  OK  [0m] Started Load Kernel Modules.
[[0;32m  OK  [0m] Started Uncomplicated firewall.
[[0;32m  OK  [0m] Started Set console keymap.
[[0;32m  OK  [0m] Started Remount Root and Kernel File Systems.
[[0;32m  OK  [0m] Started Create list of required sta...ce nodes for the current kernel.
[[0;32m  OK  [0m] Started Nameserver information manager.
[[0;32m  OK  [0m] Started LVM2 metadata daemon.
         Starting Create Static Device Nodes in /dev...
         Starting Initial cloud-init job (pre-networking)...
         Starting Load/Save Random Seed...
         Starting udev Coldplug all Devices...
         Mounting FUSE Control File System...
         Starting Apply Kernel Variables...
         Starting Flush Journal to Persistent Storage...
[[0;32m  OK  [0m] Mounted FUSE Control File System.
[[0;32m  OK  [0m] Started Create Static Device Nodes in /dev.
[[0;32m  OK  [0m] Started Load/Save Random Seed.
[[0;32m  OK  [0m] Started Apply Kernel Variables.
[[0;32m  OK  [0m] Started udev Coldplug all Devices.
[[0;32m  OK  [0m] Started Flush Journal to Persistent Storage.
         Starting udev Kernel Device Manager...
[[0;32m  OK  [0m] Started udev Kernel Device Manager.
[[0;32m  OK  [0m] Started Dispatch Password Requests to Console Directory Watch.
[[0;32m  OK  [0m] Started Monitoring of LVM2 mirrors,...ng dmeventd or progress polling.
[[0;32m  OK  [0m] Reached target Local File Systems (Pre).
[[0;32m  OK  [0m] Reached target Local File Systems.
         Starting Set console font and keymap...
         Starting Create Volatile Files and Directories...
         Starting LSB: AppArmor initialization...
         Starting Tell Plymouth To Write Out Runtime Data...
[[0;32m  OK  [0m] Started Create Volatile Files and Directories.
[[0;32m  OK  [0m] Started Tell Plymouth To Write Out Runtime Data.
[[0;32m  OK  [0m] Found device /dev/ttyS0.
[   19.906488] cloud-init[442]: Cloud-init v. 0.7.9 running 'init-local' at Fri, 08 Jun 2018 00:24:12 +0000. Up 19.62 seconds.
[[0;32m  OK  [0m] Listening on Load/Save RF Kill Switch Status /dev/rfkill Watch.
[[0;32m  OK  [0m] Reached target System Time Synchronized.
         Starting Update UTMP about System Boot/Shutdown...
[[0;32m  OK  [0m] Started Set console font and keymap.
[[0;32m  OK  [0m] Started Initial cloud-init job (pre-networking).
[[0;32m  OK  [0m] Started Update UTMP about System Boot/Shutdown.
[[0;32m  OK  [0m] Reached target Network (Pre).
[[0;32m  OK  [0m] Created slice system-getty.slice.
[[0;32m  OK  [0m] Started LSB: AppArmor initialization.
[[0;32m  OK  [0m] Started ifup for enp0s3.
         Starting Raise network interfaces...
[[0;32m  OK  [0m] Started Raise network interfaces.
[[0;32m  OK  [0m] Reached target Network.
         Starting Initial cloud-init job (metadata service crawler)...
[   21.356394] cloud-init[954]: Cloud-init v. 0.7.9 running 'init' at Fri, 08 Jun 2018 00:24:14 +0000. Up 21.02 seconds.
[   21.436517] cloud-init[954]: ci-info: +++++++++++++++++++++++++++++++++++++Net device info++++++++++++++++++++++++++++++++++++++
[   21.436897] cloud-init[954]: ci-info: +--------+------+----------------------------+---------------+-------+-------------------+
[[0;32m  OK  [0m] Started Initial cloud-init job (metadata service crawler).
[   21.437224] cloud-init[954]: ci-info: | Device |  Up  |          Address           |      Mask     | Scope |     Hw-Address    |
[   21.480908] cloud-init[954]: ci-info: +--------+------+----------------------------+---------------+-------+-------------------+
[   21.481378] cloud-init[954]: ci-info: |   lo   | True |         127.0.0.1          |   255.0.0.0   |   .   |         .         |
[   21.481787] cloud-init[954]: ci-info: |   lo   | True |          ::1/128           |       .       |  host |         .         |
[[0;32m  OK  [0m] Reached target Cloud-config availability.
[[   21.482226] cloud-init[954]: ci-info: | enp0s3 | True |         10.0.2.15          | 255.255.255.0 |   .   | 02:14:68:3e:84:47 |
[   21.509992] cloud-init[954]: ci-info: | enp0s3 | True | fe80::14:68ff:fe3e:8447/64 |       .       |  link | 02:14:68:3e:84:47 |
[   21.510321] cloud-init[954]: ci-info: +--------+------+----------------------------+---------------+-------+-------------------+
[   21.511095] cloud-init[954]: ci-info: +++++++++++++++++++++++++++Route IPv4 info++++++++++++++++++++++++++++
[0;32m  OK  [0m] Reached target Network is Online.
[   21.511496] cloud-init[954]: ci-info: +-------+-------------+----------+---------------+-----------+-------+
[   21.764550] cloud-init[954]: ci-info: | Route | Destination | Gateway  |    Genmask    | Interface | Flags |
[   21.765370] cloud-init[954]: ci-info: +-------+-------------+----------+---------------+-----------+-------+
         Starting iSCSI initiator daemon (iscsid)...
[[   21.765955] cloud-init[954]: ci-info: |   0   |   0.0.0.0   | 10.0.2.2 |    0.0.0.0    |   enp0s3  |   UG  |
[   21.925900] cloud-init[954]: ci-info: |   1   |   10.0.2.0  | 0.0.0.0  | 255.255.255.0 |   enp0s3  |   U   |
[0;32m  OK  [0m] Reached target System Initialization.
[   21.926309] cloud-init[954]: ci-info: +-------+-------------+----------+---------------+-----------+-------+
[[0;32m  OK  [0m] Listening on D-Bus System Message Bus Socket.
[[0;32m  OK  [0m] Started Daily Cleanup of Temporary Directories.
[[0;32m  OK  [0m] Listening on UUID daemon activation socket.
         Starting LXD - unix socket.
         Starting Socket activation for snappy daemon.
[[0;32m  OK  [0m] Started Timer to automatically fetch and run repair assertions.
[[0;32m  OK  [0m] Started Daily apt download activities.
[[0;32m  OK  [0m] Started ACPI Events Check.
[[0;32m  OK  [0m] Reached target Paths.
[[0;32m  OK  [0m] Listening on ACPID Listen Socket.
[[0;32m  OK  [0m] Started Timer to automatically refresh installed snaps.
[[0;32m  OK  [0m] Started Daily apt upgrade and clean activities.
[[0;32m  OK  [0m] Reached target Timers.
[[0;32m  OK  [0m] Listening on LXD - unix socket.
[[0;32m  OK  [0m] Listening on Socket activation for snappy daemon.
[[0;32m  OK  [0m] Started iSCSI initiator daemon (iscsid).
         Starting Login to default iSCSI targets...
[[0;32m  OK  [0m] Reached target Sockets.
[[0;32m  OK  [0m] Reached target Basic System.
         Starting LSB: Record successful boot for GRUB...
[[0;32m  OK  [0m] Started Unattended Upgrades Shutdown.
         Starting MySQL Community Server...
[[0;32m  OK  [0m] Started ACPI event daemon.
[[0;32m  OK  [0m] Started Regular background program processing daemon.
         Starting System Logging Service...
         Starting Automatically fetch and run repair assertions...
         Starting LXD - container startup/shutdown...
[[0;32m  OK  [0m] Started D-Bus System Message Bus.
         Starting /etc/rc.local Compatibility...
         Starting Accounts Service...
         Starting Apply the settings specified in cloud-config...
         Starting OpenBSD Secure Shell server...
         Starting Login Service...
         Starting Snappy daemon...
         Starting LSB: MD monitoring daemon...
[[0;32m  OK  [0m] Started FUSE filesystem for LXC.
[[0;32m  OK  [0m] Started Deferred execution scheduler.
[[0;32m  OK  [0m] Started System Logging Service.
[[0;32m  OK  [0m] Started OpenBSD Secure Shell server.
[[0;32m  OK  [0m] Started Snappy daemon.
[[0;32m  OK  [0m] Started Automatically fetch and run repair assertions.
[[0;32m  OK  [0m] Started LXD - container startup/shutdown.
[[0;32m  OK  [0m] Started /etc/rc.local Compatibility.
[[0;32m  OK  [0m] Started LSB: Record successful boot for GRUB.
[[0;32m  OK  [0m] Started Login to default iSCSI targets.
[[0;32m  OK  [0m] Started LSB: MD monitoring daemon.
[[0;32m  OK  [0m] Started Login Service.
         Starting Authenticate and Authorize Users to Run Privileged Tasks...
[[0;32m  OK  [0m] Reached target Remote File Systems (Pre).
[[0;32m  OK  [0m] Reached target Remote File Systems.
         Starting LSB: VirtualBox Linux Additions...
         Starting LSB: Set the CPU Frequency Scaling governor to "ondemand"...
         Starting LSB: automatic crash report generation...
         Starting Permit User Sessions...
[   23.393306] cloud-init[1054]: Cloud-init v. 0.7.9 running 'modules:config' at Fri, 08 Jun 2018 00:24:16 +0000. Up 23.18 seconds.
         Starting LSB: daemon to balance interrupts for SMP systems...
         Starting Auto import assertions from block devices...
[[0;32m  OK  [0m] Started Apply the settings specified in cloud-config.
[[0;32m  OK  [0m] Started Permit User Sessions.
[[0;32m  OK  [0m] Started Auto import assertions from block devices.
[[0;32m  OK  [0m] Started Authenticate and Authorize Users to Run Privileged Tasks.
[[0;32m  OK  [0m] Started Accounts Service.
[[0;32m  OK  [0m] Started LSB: Set the CPU Frequency Scaling governor to "ondemand".
         Starting Terminate Plymouth Boot Screen...
         Starting Hold until boot process finishes up...
[[0;32m  OK  [0m] Started LSB: VirtualBox Linux Additions.
[[0;32m  OK  [0m] Started LSB: automatic crash report generation.
[[0;32m  OK  [0m] Started LSB: daemon to balance interrupts for SMP systems.
[[0;32m  OK  [0m] Started Terminate Plymouth Boot Screen.
[[0;32m  OK  [0m] Started Hold until boot process finishes up.
[[0;32m  OK  [0m] Started Serial Getty on ttyS0.
[[0;32m  OK  [0m] Started Getty on tty1.
[[0;32m  OK  [0m] Reached target Login Prompts.
         Starting Set console scheme...
[[0;32m  OK  [0m] Started Set console scheme.
[[0;32m  OK  [0m] Started MySQL Community Server.
[[0;32m  OK  [0m] Reached target Multi-User System.
[[0;32m  OK  [0m] Reached target Graphical Interface.
         Starting Update UTMP about System Runlevel Changes...
         Starting Execute cloud user/final scripts...
[[0;32m  OK  [0m] Started Update UTMP about System Runlevel Changes.
[   24.502776] cloud-init[1240]: Cloud-init v. 0.7.9 running 'modules:final' at Fri, 08 Jun 2018 00:24:17 +0000. Up 24.37 seconds.
[   24.519002] cloud-init[1240]: Cloud-init v. 0.7.9 finished at Fri, 08 Jun 2018 00:24:17 +0000. Datasource DataSourceNoCloud [seed=/dev/sdb][dsmode=net].  Up 24.49 seconds
[[0;32m  OK  [0m] Started Execute cloud user/final scripts.
[[0;32m  OK  [0m] Reached target Cloud-init target.

Ubuntu 16.04.3 LTS ubuntu-xenial ttyS0

ubuntu-xenial login:          Stopping ACPI event daemon...
         Stopping Session 7 of user ubuntu.
[[0;32m  OK  [0m] Stopped target Cloud-init target.
[[0;32m  OK  [0m] Stopped Execute cloud user/final scripts.
[[0;32          Stopping LSB: MD monitoring daemon...
         Stopping Snappy daemon...
         Stopping D-Bus System Message Bus...
         Stopping LSB: Record successful boot for GRUB...
         Stopping LSB: VirtualBox Linux Additions...
         Stopping Unattended Upgrades Shutdown...
         Stopping Accounts Service...
         Stopping Session 2 of user ubuntu.
[[0;32m  OK  [0m] Stopped target System Time Synchronized.
         Stopping LSB: Set the CPU Frequency Scaling governor to "ondemand"...
[[0;32m  OK  [0m] Unmounted /var/lib/lxcfs.
[[0;32m  OK  [0m] Stopped ACPI event daemon.
[[0;32m  OK  [0m] Stopped Regular background program processing daemon.
[[0;32m  OK  [0m] Stopped System Logging Service.
[[0;32m  OK  [0m] Stopped Accounts Service.
[[0;32m  OK  [0m] Stopped OpenBSD Secure Shell server.
[[0;32m  OK  [0m] Stopped Snappy daemon.
[[0;32m  OK  [0m] Stopped Deferred execution scheduler.
[[0;32m  OK  [0m] Stopped Authenticate and Authorize Users to Run Privileged Tasks.
[[0;32m  OK  [0m] Stopped Serial Getty on ttyS0.
[[0;32m  OK  [0m] Stopped Getty on tty1.
[[0;32m  OK  [0m] Stopped User Manager for UID 1000.
[[0;32m  OK  [0m] Stopped Session 7 of user ubuntu.
[[0;32m  OK  [0m] Stopped D-Bus System Message Bus.
[[0;32m  OK  [0m] Stopped Unattended Upgrades Shutdown.
[[0;32m  OK  [0m] Stopped Session 2 of user ubuntu.
[[0;32m  OK  [0m] Stopped FUSE filesystem for LXC.
[[0;32m  OK  [0m] Stopped LSB: MD monitoring daemon.
[[0;32m  OK  [0m] Stopped LXD - container startup/shutdown.
[[0;32m  OK  [0m] Stopped LSB: daemon to balance interrupts for SMP systems.
[[0;32m  OK  [0m] Stopped LSB: automatic crash report generation.
[[0;32m  OK  [0m] Stopped LSB: Record successful boot for GRUB.
[[0;32m  OK  [0m] Stopped LSB: VirtualBox Linux Additions.
[[0;32m  OK  [0m] Stopped LSB: Set the CPU Frequency Scaling governor to "ondemand".
[[0;32m  OK  [0m] Removed slice User Slice of ubuntu.
         Stopping Login Service...
[[0;32m  OK  [0m] Removed slice system-getty.slice.
[[0;32m  OK  [0m] Stopped /etc/rc.local Compatibility.
         Stopping Permit User Sessions...
[[0;32m  OK  [0m] Removed slice system-serial\x2dgetty.slice.
[[0;32m  OK  [0m] Stopped Login Service.
[[0;32m  OK  [0m] Stopped Permit User Sessions.
[[0;32m  OK  [0m] Stopped target Remote File Systems.
[[0;32m  OK  [0m] Stopped target Remote File Systems (Pre).
         Stopping Login to default iSCSI targets...
[[0;32m  OK  [0m] Stopped target User and Group Name Lookups.
[[0;32m  OK  [0m] Stopped Login to default iSCSI targets.
         Stopping iSCSI initiator daemon (iscsid)...
[[0;32m  OK  [0m] Stopped iSCSI initiator daemon (iscsid).
[[0;32m  OK  [0m] Stopped target Network is Online.
[[0;32m  OK  [0m] Stopped MySQL Community Server.
[[0;32m  OK  [0m] Stopped target Basic System.
[[0;32m  OK  [0m] Stopped target Sockets.
[[0;32m  OK  [0m] Closed ACPID Listen Socket.
[[0;32m  OK  [0m] Closed D-Bus System Message Bus Socket.
[[0;32m  OK  [0m] Closed Socket activation for snappy daemon.
[[0;32m  OK  [0m] Closed Syslog Socket.
[[0;32m  OK  [0m] Closed UUID daemon activation socket.
[[0;32m  OK  [0m] Closed LXD - unix socket.
[[0;32m  OK  [0m] Stopped target Slices.
[[0;32m  OK  [0m] Removed slice User and Session Slice.
[[0;32m  OK  [0m] Stopped target Paths.
[[0;32m  OK  [0m] Stopped Dispatch Password Requests to Console Directory Watch.
[[0;32m  OK  [0m] Stopped ACPI Events Check.
[[0;32m  OK  [0m] Stopped Forward Password Requests to Wall Directory Watch.
[[0;32m  OK  [0m] Stopped target System Initialization.
[[0;32m  OK  [0m] Stopped Initial cloud-init job (metadata service crawler).
[[0;32m  OK  [0m] Stopped target Encrypted Volumes.
         Stopping Update UTMP about System Boot/Shutdown...
         Stopping Load/Save Random Seed...
[[0;32m  OK  [0m] Stopped target Swap.
[[0;32m  OK  [0m] Stopped target Network.
         Stopping Raise network interfaces...
[[0;32m  OK  [0m] Stopped Load/Save Random Seed.
[[0;32m  OK  [0m] Stopped Update UTMP about System Boot/Shutdown.
[[0;32m  OK  [0m] Stopped Create Volatile Files and Directories.
[[0;32m  OK  [0m] Stopped Raise network interfaces.
[[0;32m  OK  [0m] Stopped Apply Kernel Variables.
[[0;32m  OK  [0m] Stopped Load Kernel Modules.
[[0;32m  OK  [0m] Stopped target Local File Systems.
         Unmounting /vagrant...
         Unmounting /run/user/1000...
[[0;32m  OK  [0m] Stopped target Network (Pre).
[[0;32m  OK  [0m] Stopped Initial cloud-init job (pre-networking).
[[0;32m  OK  [0m] Unmounted /vagrant.
[[0;32m  OK  [0m] Unmounted /run/user/1000.
[[0;32m  OK  [0m] Reached target Unmount All Filesystems.
[[0;32m  OK  [0m] Stopped target Local File Systems (Pre).
         Stopping Monitoring of LVM2 mirrors... dmeventd or progress polling...
[[0;32m  OK  [0m] Stopped Create Static Device Nodes in /dev.
[[0;32m  OK  [0m] Stopped Remount Root and Kernel File Systems.
[[0;32m  OK  [0m] Reached target Shutdown.
[10592.341170] reboot: Power down